cursor: ignoring input

Warning: This is a simple server for use in testing or debugging Angular applications
locally. It hasn't been reviewed for security issues.

Binding this server to an open connection can result in compromising your application or
computer. Using a different host than the one passed to the "--host" flag might result in
websocket connection issues. You might need to use "--disable-host-check" if that's the
case.
    
 [1mPort 4200 is already in use.
Would you like to use a different port?[22m [2m(Y/n)[22m[47Gnode:events:502
      throw er; // Unhandled 'error' event
      ^

Error: EBADF: bad file descriptor, read
Emitted 'error' event on Interface instance at:
    at ReadStream.onerror (node:internal/readline/interface:239:10)
    at ReadStream.emit (node:events:524:28)
    at emitErrorNT (node:internal/streams/destroy:169:8)
    at errorOrDestroy (node:internal/streams/destroy:238:7)
    at node:internal/fs/streams:272:9
    at FSReqCallback.wrapper [as oncomplete] (node:fs:683:5)
    at FSReqCallback.callbackTrampoline (node:internal/async_hooks:130:17) {
  errno: -9,
  code: 'EBADF',
  syscall: 'read'
}

Node.js v20.19.3
